---
source: crates/oxc_linter/src/tester.rs
snapshot_kind: text
---
  ⚠ eslint(no-restricted-imports): 'fs' import is restricted from being used.
   ╭─[no_restricted_imports.tsx:1:8]
 1 │ import "fs"
   ·        ────
   ╰────
  help: Remove the import statement.

  ⚠ eslint(no-restricted-imports): Please import from 'bar' instead.
   ╭─[no_restricted_imports.tsx:1:28]
 1 │ import withGitignores from "foo";
   ·                            ─────
   ╰────
  help: Remove the import statement.

  ⚠ eslint(no-restricted-imports): Please import the default import of 'foo' from /bar/ instead.
   ╭─[no_restricted_imports.tsx:1:30]
 1 │ import DisallowedObject from "foo";
   ·                              ─────
   ╰────
  help: Remove the import statement.

  ⚠ eslint(no-restricted-imports): Please import 'DisallowedObject' from /bar/ instead.
   ╭─[no_restricted_imports.tsx:1:22]
 1 │ import * as All from "foo";
   ·                      ─────
   ╰────
  help: Remove the import statement.

  ⚠ eslint(no-restricted-imports): 'fs' import is restricted from being used.
   ╭─[no_restricted_imports.tsx:1:10]
 1 │ export { something } from "fs";
   ·          ─────────
   ╰────
  help: Remove the import statement.

  ⚠ eslint(no-restricted-imports): Import foo from qux instead.
   ╭─[no_restricted_imports.tsx:1:31]
 1 │ import { foo, bar, baz } from "mod"
   ·                               ─────
   ╰────
  help: Remove the import statement.
