           | Oxc        | ESBuild    | Oxc        | ESBuild    |
Original   | minified   | minified   | gzip       | gzip       | Fixture
-------------------------------------------------------------------------------------
72.14 kB   | 23.94 kB   | 23.70 kB   | 8.59 kB    | 8.54 kB    | react.development.js

173.90 kB  | 61.52 kB   | 59.82 kB   | 19.54 kB   | 19.33 kB   | moment.js 

287.63 kB  | 92.42 kB   | 90.07 kB   | 32.32 kB   | 31.95 kB   | jquery.js 

342.15 kB  | 121.31 kB  | 118.14 kB  | 44.69 kB   | 44.37 kB   | vue.js    

544.10 kB  | 73.22 kB   | 72.48 kB   | 26.22 kB   | 26.20 kB   | lodash.js 

555.77 kB  | 275.67 kB  | 270.13 kB  | 91.19 kB   | 90.80 kB   | d3.js     

1.01 MB    | 466.33 kB  | 458.89 kB  | 126.76 kB  | 126.71 kB  | bundle.min.js

1.25 MB    | 660.39 kB  | 646.76 kB  | 164.00 kB  | 163.73 kB  | three.js  

2.14 MB    | 739.97 kB  | 724.14 kB  | 181.42 kB  | 181.07 kB  | victory.js

3.20 MB    | 1.02 MB    | 1.01 MB    | 332.30 kB  | 331.56 kB  | echarts.js

6.69 MB    | 2.39 MB    | 2.31 MB    | 495.67 kB  | 488.28 kB  | antd.js   

10.95 MB   | 3.54 MB    | 3.49 MB    | 910.07 kB  | 915.50 kB  | typescript.js

