commit: dc0082c5

codegen_test262 Summary:
AST Parsed     : 44096/44096 (100.00%)
Positive Passed: 44096/44096 (100.00%)
