commit: eefc5cf3

minifier_test262 Summary:
AST Parsed     : 44169/44169 (100.00%)
Positive Passed: 44169/44169 (100.00%)
